// Jest Snapshot v1, https://goo.gl/fbAQLP

exports[`Error SHOULD MATCH SNAPSHOT 1`] = `null`;
