// Jest Snapshot v1, https://goo.gl/fbAQLP

exports[`DropDown SHOUD Match <DropDownOption/> TO SNAPSHOT 1`] = `
<div
  className="w-full  flex flex-col "
  id="drop-down"
>
  <button
    className="w-full flex justify-between items-center cursor-pointer text-gray-400 hover:text-indigo-500 focus:outline-none undefined"
    id="button"
    onClick={[Function]}
  >
    <span
      className=" text-lg"
    />
    <svg
      className=" w-5 h-5 "
      fill="currentColor"
      viewBox="0 0 16 16"
      xmlns="http://www.w3.org/2000/svg"
    >
      <path
        d="M3.204 5h9.592L8 10.481 3.204 5zm-.753.659l4.796 5.48a1 1 0 0 0 1.506 0l4.796-5.48c.566-.647.106-1.659-.753-1.659H3.204a1 1 0 0 0-.753 1.659z"
      />
    </svg>
  </button>
  <div
    className="w-full  rounded transition-all ease-linear duration-200 pl-4 py-2   h-0"
  />
</div>
`;
